
Discarded input sections

 .comment       0x00000000       0x27 main.o
 .ARM.attributes
                0x00000000       0x2a main.o
 .comment       0x00000000       0x27 globals.o
 .ARM.attributes
                0x00000000       0x2a globals.o

Memory Configuration

Name             Origin             Length             Attributes
ROM              0x0000a000         0x00001000
RAM              0x0000c000         0x00001000
*default*        0x00000000         0xffffffff

Linker script and memory map

                0x00000010                        a = 0x10
                0x00000014                        b = 0x14

.Subaru         0x0000a000       0xc4
 *(pqr)
 pqr            0x0000a000       0xc4 main.o
                0x0000a000                xyz

.text           0x0000a0c4       0x60
 *(.text)
 .text          0x0000a0c4       0x44 main.o
                0x0000a0c4                foo
 .text          0x0000a108       0x1c globals.o
                0x0000a108                bar
                0x0000a0e8                        c = (a + b)
                0x0000a0c0                        d = (a - b)
                0x0000a204                        e = (a * b)
                0x0000a0c8                        f = (b % a)

.rodata         0x0000a124       0x28
 *(abc)
 abc            0x0000a124        0x4 main.o
                0x0000a124                uninit_global
 *(.rodata)
 .rodata        0x0000a128        0x4 globals.o
                0x0000a128                pqr
                0x0000a14c                        . = ((. + a) + 0x10)
 *fill*         0x0000a12c       0x20 
                0x0000a14c                        _src_start_data_ = .

.data           0x0000c000        0x4 load address 0x0000a14c
                0x0000c000                        _dst_start_data_ = .
 *(.data)
 .data          0x0000c000        0x4 main.o
                0x0000c000                init_global
 .data          0x0000c004        0x0 globals.o
                0x0000c004                        _dst_end_data_ = .

.bss            0x0000c004        0x4
                0x0000c004                        _start_bss_ = .
 *(.bss)
 .bss           0x0000c004        0x0 main.o
 .bss           0x0000c004        0x4 globals.o
                0x0000c004                abc
                0x0000c008                        _end_bss_ = .

/DISCARD/
 *(*)
LOAD main.o
LOAD globals.o
OUTPUT(main.elf elf32-littlearm)
LOAD linker stubs
